// Jest Snapshot v1, https://goo.gl/fbAQLP

exports[`matches the snapshot 1`] = `
Array [
  <hr
    className="MuiDivider-root"
  />,
  <footer
    className="makeStyles-footer-1"
    data-testid="footer"
  >
    <div
      className="MuiGrid-root MuiGrid-container"
    >
      <div
        className="MuiGrid-root MuiGrid-item MuiGrid-grid-xs-2"
      />
      <div
        className="MuiGrid-root MuiGrid-item MuiGrid-grid-xs-8"
      >
        <div
          className="MuiBox-root MuiBox-root-157"
        >
          <div
            className="MuiBox-root MuiBox-root-158"
          >
            <div
              className="MuiGrid-root MuiGrid-container MuiGrid-spacing-xs-1 MuiGrid-direction-xs-column MuiGrid-align-items-xs-center"
            >
              <div
                className="MuiGrid-root MuiGrid-item"
              >
                <img
                  alt="OPL"
                  src="open-practice-librar.png"
                />
              </div>
              <div
                className="MuiGrid-root MuiGrid-item"
              >
                <div
                  className="MuiGrid-root MuiGrid-container MuiGrid-align-items-xs-flex-start"
                >
                  <div
                    className="MuiGrid-root MuiGrid-item MuiGrid-grid-xs-3"
                  >
                    <span
                      className="MuiTypography-root MuiTypography-caption"
                    >
                      powered by
                    </span>
                  </div>
                  <div
                    className="MuiGrid-root MuiGrid-item MuiGrid-grid-xs-9"
                  >
                    <img
                      alt="Open Innovation Labs"
                      height="31px"
                      src="logo-red-hat-open-innovation-labs-a-black-rgb.png"
                      width="162px"
                    />
                  </div>
                </div>
              </div>
            </div>
          </div>
          <div
            className="MuiBox-root MuiBox-root-159"
          >
            <div
              className="MuiGrid-root MuiGrid-container MuiGrid-spacing-xs-2 MuiGrid-direction-xs-column MuiGrid-align-items-xs-flex-end MuiGrid-justify-xs-space-between"
            >
              <div
                className="MuiGrid-root MuiGrid-item"
              >
                <span
                  className="MuiTypography-root MuiTypography-overline"
                >
                  CONNECT
                </span>
              </div>
              <div
                className="MuiGrid-root MuiGrid-item"
              >
                <a
                  className="MuiTypography-root MuiLink-root MuiLink-underlineHover makeStyles-space-146 MuiTypography-colorPrimary"
                  href="#"
                  onBlur={[Function]}
                  onFocus={[Function]}
                >
                  <span
                    className="MuiTypography-root makeStyles-color-147 MuiTypography-overline"
                  >
                    PRIVACY
                  </span>
                </a>
                <a
                  className="MuiTypography-root MuiLink-root MuiLink-underlineHover makeStyles-space-146 MuiTypography-colorPrimary"
                  href="#"
                  onBlur={[Function]}
                  onFocus={[Function]}
                >
                  <span
                    className="MuiTypography-root makeStyles-color-147 MuiTypography-overline"
                  >
                    TERMS
                  </span>
                </a>
                <a
                  className="MuiTypography-root MuiLink-root MuiLink-underlineHover makeStyles-space-146 MuiTypography-colorPrimary"
                  href="#"
                  onBlur={[Function]}
                  onFocus={[Function]}
                >
                  <span
                    className="MuiTypography-root makeStyles-color-147 MuiTypography-overline"
                  >
                    POLICIES
                  </span>
                </a>
                <a
                  className="MuiTypography-root MuiLink-root MuiLink-underlineHover makeStyles-space-146 MuiTypography-colorPrimary"
                  href="#"
                  onBlur={[Function]}
                  onFocus={[Function]}
                >
                  <span
                    className="MuiTypography-root makeStyles-color-147 MuiTypography-overline"
                  >
                    HELP
                  </span>
                </a>
              </div>
            </div>
          </div>
        </div>
      </div>
      <div
        className="MuiGrid-root MuiGrid-item MuiGrid-grid-xs-2"
      />
    </div>
  </footer>,
]
`;
