// Jest Snapshot v1, https://goo.gl/fbAQLP

exports[`matches the snapshot 1`] = `
<div
  className="MuiGrid-root makeStyles-explore-187 MuiGrid-container"
>
  <div
    className="MuiGrid-root MuiGrid-item MuiGrid-grid-xs-6"
  >
    <div
      className="MuiBox-root MuiBox-root-295 makeStyles-exploreIcon-190"
    >
      <img
        alt="Closing Message"
        src="closingstickies.png"
      />
    </div>
  </div>
  <div
    className="MuiGrid-root MuiGrid-item MuiGrid-grid-xs-6"
  >
    <div
      className="MuiBox-root MuiBox-root-296 makeStyles-exploreBox-186"
    >
      <div
        className="MuiBox-root MuiBox-root-297"
      >
        <h5
          className="MuiTypography-root makeStyles-learn-189 MuiTypography-h5"
          data-testid="exploreMsg"
        >
          Snapshottin it up
        </h5>
      </div>
      <div
        className="MuiBox-root MuiBox-root-328"
      >
        <button
          className="MuiButtonBase-root MuiButton-root MuiButton-contained makeStyles-exploreButton-188 MuiButton-disableElevation"
          disabled={false}
          onBlur={[Function]}
          onClick={[Function]}
          onDragLeave={[Function]}
          onFocus={[Function]}
          onKeyDown={[Function]}
          onKeyUp={[Function]}
          onMouseDown={[Function]}
          onMouseLeave={[Function]}
          onMouseUp={[Function]}
          onTouchEnd={[Function]}
          onTouchMove={[Function]}
          onTouchStart={[Function]}
          tabIndex={0}
          type="button"
        >
          <span
            className="MuiButton-label"
          >
            Explore the library
          </span>
        </button>
      </div>
    </div>
  </div>
</div>
`;
