// Jest Snapshot v1, https://goo.gl/fbAQLP

exports[`matches the snapshot 1`] = `
<DocumentFragment>
  <div
    class="css-orapiz"
  >
    <div
      class="css-1tzf62d"
    >
      <img
        alt="Closing Message"
        class="css-sgjdw3"
      />
      <div
        class="css-131srj"
      >
        <h2
          class="css-18uxb91"
          data-testid="exploreMsg"
        >
          Snapshottin it up
        </h2>
        <div
          class="css-0"
        >
          <button
            class="css-15hktin"
            type="button"
          >
            Explore the library
          </button>
        </div>
      </div>
    </div>
  </div>
</DocumentFragment>
`;
