// Jest Snapshot v1, https://goo.gl/fbAQLP

exports[`matches the snapshot 1`] = `
<DocumentFragment>
  <div
    class="css-1mffhgn"
  >
    <div
      class="css-1lhk5nx"
    >
      <svg
        height="250px"
        viewBox="0 0 185 18"
        width="383px"
        xmlns="http://www.w3.org/2000/svg"
        xmlns:xlink="http://www.w3.org/1999/xlink"
      >
        <defs>
          <filter
            filterUnits="objectBoundingBox"
            height="113.8%"
            id="prefix__a"
            width="102.2%"
            x="-.5%"
            y="-3.4%"
          >
            <feoffset
              dx="2"
              dy="2"
              in="SourceAlpha"
              result="shadowOffsetOuter1"
            />
            <fecolormatrix
              in="shadowOffsetOuter1"
              values="0 0 0 0 0.912335824 0 0 0 0 0.912335824 0 0 0 0 0.912335824 0 0 0 1 0"
            />
          </filter>
          <text
            fill="#2E2E2E"
            font-family="Chewy-Regular, Chewy"
            font-size="19"
            font-weight="normal"
            id="prefix__b"
          >
            <tspan
              x="28"
              y="43"
            >
              OPEN PRACTICE LIBRARY
            </tspan>
          </text>
        </defs>
        <g
          fill="#2E2E2E"
          fill-rule="evenodd"
          transform="translate(-28 -30)"
        >
          <use
            filter="url(#prefix__a)"
            xlink:href="#prefix__b"
          />
          <use
            xlink:href="#prefix__b"
          />
        </g>
      </svg>
    </div>
    <div
      class="css-1tzf62d"
    >
      <div
        class="css-y4cvok"
      >
        <h1
          class="css-1tq9xtx"
          data-testid="hellotext"
        >
          Wazzup
        </h1>
        <h2
          class="css-1yy1d4e"
          data-testid="welcomeText"
        >
          What's up
        </h2>
        <h2
          class="css-1yy1d4e"
          data-testid="inquiryText"
        >
          What is up?
        </h2>
        <h3
          class="css-170hos2"
        >
          Tell me more
          <button
            aria-label="Scroll to Community"
            class="css-8kw3cu"
            type="button"
          >
            <svg
              aria-hidden="true"
              class="css-1im46kq"
              focusable="false"
              role="presentation"
              viewBox="0 0 24 24"
            >
              <path
                d="M20 12l-1.41-1.41L13 16.17V4h-2v12.17l-5.58-5.59L4 12l8 8 8-8z"
                fill="currentColor"
              />
            </svg>
          </button>
        </h3>
      </div>
      <img
        alt="Welcome to OPL"
        class="css-1a1h1dg"
      />
    </div>
    <div
      class="css-ly2qwz"
    >
      <button
        class="css-15hktin"
        data-testid="loginButton"
        type="button"
      >
        Login
      </button>
    </div>
  </div>
</DocumentFragment>
`;
