// Jest Snapshot v1, https://goo.gl/fbAQLP

exports[`matches the snapshot 1`] = `
<DocumentFragment>
  <div
    class="MuiBox-root MuiBox-root-80"
  >
    <div
      class="MuiBox-root MuiBox-root-81"
    >
      <img
        alt="Closing Message"
        height="auto"
        src="closingstickies.png"
        width="60%"
      />
    </div>
    <div
      class="MuiBox-root MuiBox-root-82"
    >
      <div
        class="MuiBox-root MuiBox-root-83"
      >
        <h5
          class="MuiTypography-root MuiTypography-h5 MuiTypography-alignLeft"
          data-testid="exploreMsg"
        >
          Snapshottin it up
        </h5>
        <div
          class="MuiBox-root MuiBox-root-114"
        >
          <button
            class="MuiButtonBase-root MuiButton-root MuiButton-contained MuiButton-containedPrimary MuiButton-disableElevation"
            data-testid="exploreLibraryButton"
            tabindex="0"
            type="button"
          >
            <span
              class="MuiButton-label"
            >
              Explore the Library
            </span>
            <span
              class="MuiTouchRipple-root"
            />
          </button>
        </div>
      </div>
    </div>
  </div>
</DocumentFragment>
`;
