// Jest Snapshot v1, https://goo.gl/fbAQLP

exports[`matches the snapshot 1`] = `
<DocumentFragment>
  <div
    class="MuiBox-root MuiBox-root-130 OplBox-root-127 OplBox-root-128"
  >
    <div
      class="MuiBox-root MuiBox-root-131"
    >
      <h6
        class="MuiTypography-root sc-AxjAm fDEmJk MuiTypography-h6 MuiTypography-colorPrimary"
      >
        Open Practice Library
      </h6>
    </div>
    <div
      class="MuiBox-root MuiBox-root-162"
    >
      <h1
        class="MuiTypography-root sc-AxjAm gkhgMM MuiTypography-h1"
        data-testid="hellotext"
        pb="8"
      >
        Wazzup
      </h1>
      <h5
        class="MuiTypography-root sc-AxjAm gkhgMM MuiTypography-h5"
        data-testid="welcomeText"
        pb="8"
      >
        What's up
      </h5>
      <h5
        class="MuiTypography-root sc-AxjAm fDEmJk MuiTypography-h5"
        data-testid="inquiryText"
      >
        What is up?
      </h5>
      <p
        class="MuiTypography-root sc-AxjAm fDEmJk MuiTypography-button"
      >
        <b>
          Tell me more
        </b>
        <button
          bgcolor="#5e3dc4"
          class="MuiButtonBase-root MuiIconButton-root sc-AxirZ ipsXMv OplIconButton-root-163 OplIconButton-root-164"
          data-testid="tellMeMoreButton"
          m="2"
          tabindex="0"
          type="button"
        >
          <span
            class="MuiIconButton-label"
          >
            <svg
              aria-hidden="true"
              class="MuiSvgIcon-root"
              focusable="false"
              viewBox="0 0 24 24"
            >
              <path
                d="M20 12l-1.41-1.41L13 16.17V4h-2v12.17l-5.58-5.59L4 12l8 8 8-8z"
              />
            </svg>
          </span>
          <span
            class="MuiTouchRipple-root"
          />
        </button>
      </p>
    </div>
    <img
      alt="Welcome to OPL"
      height="auto"
      src="WhiteBoarding.png"
      width="50%"
    />
    <div
      class="MuiBox-root MuiBox-root-186"
    >
      <button
        bg="rgb(126, 99, 207)"
        class="MuiButtonBase-root MuiButton-root MuiButton-contained OplButton-root-197 OplButton-root-198"
        data-testid="loginButton"
        tabindex="0"
        type="button"
      >
        <span
          class="MuiButton-label"
        >
          Login
        </span>
        <span
          class="MuiTouchRipple-root"
        />
      </button>
    </div>
  </div>
</DocumentFragment>
`;
